// Jest Snapshot v1, https://goo.gl/fbAQLP

exports[`renders the CryptoCurrencies component 1`] = `
Array [
  <div
    className="availableCryptocurrencies"
    data-testid="cryptocurrencies"
  />,
  ",",
]
`;
